// Jest Snapshot v1, https://goo.gl/fbAQLP

exports[`Product renders and matches snapshot 1`] = `
<DocumentFragment>
  <div
    class="style__Container-g760h8-0 cRZAeB"
    data-testid="product"
  >
    <div
      class="style__Content-g760h8-5 cyJBbK"
    >
      <div
        class="buy"
      >
        <img
          alt="Buy"
          src="/static/images/buy-orange.svg"
        />
      </div>
      <img
        alt="iPhone"
        class="style__Img-g760h8-2 frYZGq"
        src="/static/image/image.png"
      />
      <div
        class="description"
      >
        <span
          class="category"
          data-testid="category"
        >
          Phones
        </span>
        <span
          class="name"
          data-testid="name"
        >
          iPhone
        </span>
      </div>
      <div
        class="overlay"
      >
        <div
          class="buy"
        >
          <img
            alt="Buy"
            src="/static/images/buy-white.svg"
          />
        </div>
        <div
          class="style__OverlayBlock-g760h8-3 lladji"
        >
          <div
            class="cost-block"
          >
            <span
              class="cost"
              data-testid="cost"
            >
              800
            </span>
            <img
              alt="Coin"
              class="Coin__Img-sc-1i19xvt-0 bcGCMK"
              src="/static/images/coin.svg"
            />
          </div>
          <a
            class="style__RedeemButton-g760h8-4 cUoLRy"
            data-testid="redeem-button"
          >
            Redeem Now
          </a>
        </div>
      </div>
    </div>
  </div>
</DocumentFragment>
`;
